

> @praxis/core@0.0.1 build /home/pedro/dev/praxis/packages/core
> tsup src/index.ts src/domain/index.ts src/infra/index.ts --format cjs,esm --dts --clean

[34mCLI[39m Building entry: src/index.ts, src/domain/index.ts, src/infra/index.ts
[34mCLI[39m Using tsconfig: tsconfig.json
[34mCLI[39m tsup v8.5.1
[34mCLI[39m Using tsup config: /home/pedro/dev/praxis/packages/core/tsup.config.ts
[34mCLI[39m Target: es2022
[34mCLI[39m Cleaning output folder
[34mCJS[39m Build start
[34mESM[39m Build start
[32mCJS[39m [1mdist/index.js            [22m[32m23.17 KB[39m
[32mCJS[39m [1mdist/infra/index.js      [22m[32m10.93 KB[39m
[32mCJS[39m [1mdist/domain/index.js     [22m[32m13.25 KB[39m
[32mCJS[39m [1mdist/index.js.map        [22m[32m34.39 KB[39m
[32mCJS[39m [1mdist/domain/index.js.map [22m[32m19.55 KB[39m
[32mCJS[39m [1mdist/infra/index.js.map  [22m[32m15.20 KB[39m
[32mCJS[39m ⚡️ Build success in 238ms
[32mESM[39m [1mdist/chunk-CHX7H255.mjs     [22m[32m9.87 KB[39m
[32mESM[39m [1mdist/index.mjs              [22m[32m1.45 KB[39m
[32mESM[39m [1mdist/infra/index.mjs        [22m[32m154.00 B[39m
[32mESM[39m [1mdist/chunk-HIUVSKP5.mjs     [22m[32m8.02 KB[39m
[32mESM[39m [1mdist/domain/index.mjs       [22m[32m1.35 KB[39m
[32mESM[39m [1mdist/chunk-CHX7H255.mjs.map [22m[32m19.21 KB[39m
[32mESM[39m [1mdist/index.mjs.map          [22m[32m71.00 B[39m
[32mESM[39m [1mdist/domain/index.mjs.map   [22m[32m71.00 B[39m
[32mESM[39m [1mdist/chunk-HIUVSKP5.mjs.map [22m[32m15.71 KB[39m
[32mESM[39m [1mdist/infra/index.mjs.map    [22m[32m71.00 B[39m
[32mESM[39m ⚡️ Build success in 239ms
DTS Build start
DTS ⚡️ Build success in 12621ms
DTS dist/index.d.ts         1.30 KB
DTS dist/domain/index.d.ts  14.02 KB
DTS dist/infra/index.d.ts   90.94 KB
DTS dist/index.d.mts        1.30 KB
DTS dist/domain/index.d.mts 14.02 KB
DTS dist/infra/index.d.mts  90.94 KB
